<?xml version="1.0" encoding="utf-8"?><testsuites><testsuite name="pytest" errors="0" failures="0" skipped="1" tests="2" time="59.729" timestamp="2025-12-08T13:02:29.603174" hostname="LAPTOP-MGL2VFEC"><testcase classname="tests.unit.test_factory" name="test_generate_person_with_different_temperatures" time="0.004"><skipped type="pytest.skip" message="Model 'gpt-5-mini' does not support custom temperatures - test only runs for gpt-4 models">C:\Users\pdasilva\repos\TinyTroupe\tests\unit\test_factory.py:50: Model 'gpt-5-mini' does not support custom temperatures - test only runs for gpt-4 models</skipped></testcase><testcase classname="tests.unit.test_normalizer.TestNormalizer" name="test_normalizer_handles_special_characters" time="56.084" /></testsuite></testsuites>